[ethicsfordesign.com/fr.html]
[ethicsfordesign.com/favicon-16x16.png]
[ethicsfordesign.com/favicon-64x64.png]
[ethicsfordesign.com/favicon-32x32.png]
[ethicsfordesign.com/favicon.ico]
[backblue.gif]
[fade.gif]
[index.html]
[ethicsfordesign.com/assets/css/styles.min.1506073648.css]
[ethicsfordesign.com/assets/images/circles/Circle-1.png]
[ethicsfordesign.com/assets/images/circles/Circle-2.png]
[ethicsfordesign.com/assets/images/circles/Circle-3.png]
[ethicsfordesign.com/assets/images/circles/Circle-4.png]
[ethicsfordesign.com/assets/images/circles/Circle-5.png]
[ethicsfordesign.com/assets/images/circles/Circle-6.png]
[ethicsfordesign.com/fr/lecteur9ed2.html]
[ethicsfordesign.com/index.html]
[ethicsfordesign.com/fr/lecteure68f.html]
[ethicsfordesign.com/content/3-about/1-why/why.jpg]
[ethicsfordesign.com/content/3-about/3-interviewees/participants.jpg]
[licensebuttons.net/l/by-nc/4.0/88x31.png]
[ethicsfordesign.com/content/4-informations/5-partners/designhuman.svg]
[ajax.googleapis.com/ajax/libs/jquery/2.2.4/jquery.min.js]
[ethicsfordesign.com/_analytics/index.html]
[cdnjs.cloudflare.com/ajax/libs/d3/3.5.5/d3.min.js]
[ethicsfordesign.com/assets/js/dist/vendors/history.min.1505304224.js]
[ethicsfordesign.com/assets/js/dist/vendors/bez.min.1505304224.js]
[ethicsfordesign.com/fr.html]
[ethicsfordesign.com/assets/js/dist/scripts.min.1506073063.js]
[ethicsfordesign.com/assets/fonts/NeueHaasGrotTextRound-55Roman-Web.woff2]
[ethicsfordesign.com/assets/fonts/NeueHaasGrotTextRound-55Roman-Web.woff]
[ethicsfordesign.com/assets/fonts/NeueHaasGrotTextRound-55Roman-Web.eot]
[ethicsfordesign.com/assets/fonts/NeueHaasGrotTextRound-56Italic-Web.woff2]
[ethicsfordesign.com/assets/fonts/NeueHaasGrotTextRound-55Roman-Webd41d.eot]
[ethicsfordesign.com/assets/fonts/NeueHaasGrotTextRound-56Italic-Web.eot]
[ethicsfordesign.com/assets/fonts/NeueHaasGrotTextRound-56Italic-Web.woff]
[ethicsfordesign.com/assets/css/styles.min.1506073648.css]
[ethicsfordesign.com/player9ed2.html]
[ethicsfordesign.com/playere68f.html]
[ethicsfordesign.com/index.html]
[ethicsfordesign.com/player.html]
[ethicsfordesign.com/content/5-player/_subtitles-en.srt]
[ethicsfordesign.com/assets/fonts/NeueHaasGrotTextRound-56Italic-Webd41d.eot]
[ethicsfordesign.com/content/5-player/_subtitles-fr.srt]
[ethicsfordesign.com/content/5-player/_side-text-en.srt]
[ethicsfordesign.com/content/5-player/_side-text-fr.srt]
[ethicsfordesign.com/content/5-player/_chapters-en.srt]
[ethicsfordesign.com/content/5-player/_chapters-fr.srt]
[ethicsfordesign.com/content/5-player/_images-left.srt]
[ethicsfordesign.com/content/5-player/_images-right.srt]
[ethicsfordesign.com/content/5-player/_layout-changes.srt]
[ethicsfordesign.com/content/5-player/get-started.gif]
[ethicsfordesign.com/fr/regarder.html]
[ethicsfordesign.com/content/5-player/volume-icon.svg]
[ethicsfordesign.com/content/5-player/ethics-for-design-mainvid.mp4]
[ethicsfordesign.com/content/5-player/ethics-for-design-mainvid.webm]
[ethicsfordesign.com/fr/lecteur9ed2.html]
[ethicsfordesign.com/assets/js/dist/player.min.1506073063.js]
[ethicsfordesign.com/fr/lecteure68f.html]
[ethicsfordesign.com/content/4-informations/5-partners/designhuman.svg]
[ethicsfordesign.com/_analytics/plugins/CoreHome/images/favicon.png]
[ethicsfordesign.com/_analytics/plugins/CoreHome/images/applePinnedTab.svg]
[ethicsfordesign.com/_analytics/asset_manager_global_css9e01.css]
[ethicsfordesign.com/_analytics/asset_manager_non_core_js8a9f.js]
[ethicsfordesign.com/_analytics/plugins/CoreHome/javascripts/manifest.json]
[ethicsfordesign.com/_analytics/libs/bower_components/jquery-placeholder/jquery.placeholder7ee8.js]
[ethicsfordesign.com/_analytics/plugins/Morpheus/images/logo.svg]
[ethicsfordesign.com/_analytics/plugins/Morpheus/images/loading-blue.gif]
[ethicsfordesign.com/_analytics/index.html]
[ethicsfordesign.com/watch.html]
[ethicsfordesign.com/player9ed2.html]
[ethicsfordesign.com/playere68f.html]
[ethicsfordesign.com/player.html]
[ethicsfordesign.com/fr/regarder.html]
[ethicsfordesign.com/content/5-player/volume-icon.svg]
[ethicsfordesign.com/_analytics/asset_manager_core_js42f7.js]
[ethicsfordesign.com/_analytics/plugins/CoreHome/images/applePinnedTab.svg]
[ethicsfordesign.com/_analytics/asset_manager_global_css9e01.css]
[ethicsfordesign.com/_analytics/plugins/Morpheus/images/logo.svg]
[ethicsfordesign.com/watch.html]
[ethicsfordesign.com/content/5-player/ethics-for-design-mainvid.mp4]
[ethicsfordesign.com/content/5-player/ethics-for-design-mainvid.webm]
[ethicsfordesign.com/content/5-player/ethics-for-design-mainvid.mp4]
